; Copyright 2025 Paul Maddern (paul@arcadegeek.co.uk)

[Poke:correct-typo:Correct Typo]

This can be seen at any point in the game when typing e.g.
<div>
  <code>EXAMINE SHIELD</code>
</div>

The response text reads: "I can't see #STR$BB9D,$08($b==$FF) here"
#PUSHS #POKES$BB9F,$73
when instead it should read: "I can't see #STR$BB9D,$08($b==$FF) here".
#POPS

To address this typo use:
<div>
  <code>POKE #R$BB9D(#N$BB9F),#N$73</code>
</div>
