; Copyright 2025 Paul Maddern (paul@arcadegeek.co.uk)

[Solution:step-01:Step 1]

EAST

[Solution:step-02:Step 2]

RELEASE HARE

[Solution:step-03:Step 3]

WEST

[Solution:step-04:Step 4]

UP

[Solution:step-05:Step 5]

EAST

[Solution:step-06:Step 6]

EAST

[Solution:step-07:Step 7]

GET ACORNS

[Solution:step-08:Step 8]

NORTH

[Solution:step-09:Step 9]

GIVE ACORNS TO RAVEN

[Solution:step-10:Step 10]

GET TORC

[Solution:step-11:Step 11]

NORTH
